#-----------------------------------------------------------
# Webtalk v2019.2 (64-bit)
# SW Build 2708876 on Wed Nov  6 21:40:23 MST 2019
# IP Build 2700528 on Thu Nov  7 00:09:20 MST 2019
# Start of session at: Mon May 18 11:37:02 2020
# Process ID: 1088
# Current directory: C:/Users/reese/OneDrive/Documents/University/EEE4120F/EEE4120F_Practical_4/EEE4120F_Practical_4.sim/tb_Clock/behav/xsim
# Command line: wbtcv.exe -mode batch -source C:/Users/reese/OneDrive/Documents/University/EEE4120F/EEE4120F_Practical_4/EEE4120F_Practical_4.sim/tb_Clock/behav/xsim/xsim.dir/tb_clock_behav/webtalk/xsim_webtalk.tcl -notrace
# Log file: C:/Users/reese/OneDrive/Documents/University/EEE4120F/EEE4120F_Practical_4/EEE4120F_Practical_4.sim/tb_Clock/behav/xsim/webtalk.log
# Journal file: C:/Users/reese/OneDrive/Documents/University/EEE4120F/EEE4120F_Practical_4/EEE4120F_Practical_4.sim/tb_Clock/behav/xsim\webtalk.jou
#-----------------------------------------------------------
source C:/Users/reese/OneDrive/Documents/University/EEE4120F/EEE4120F_Practical_4/EEE4120F_Practical_4.sim/tb_Clock/behav/xsim/xsim.dir/tb_clock_behav/webtalk/xsim_webtalk.tcl -notrace
